error: unterminated raw string
  --> $DIR/raw-str-unterminated.rs:2:5
   |
LL |     r#" string literal goes on
   |     ^^ unterminated raw string

error: aborting due to previous error

