error: raw byte string must be ASCII: \u{e9}
  --> $DIR/raw-byte-string-literals.rs:5:8
   |
LL |     br"Ã©";
   |        ^

error: found invalid character; only `#` is allowed in raw string delimitation
  --> $DIR/raw-byte-string-literals.rs:6:9
   |
LL |     br##~"a"~##;
   |         ^
   = help: replace with `#`

error: aborting due to 2 previous errors

